Level 23->24

bandit22@bandit:/usr/bin$ cat cronjob_bandit23.sh 
#!/bin/bash

myname=$(whoami)
mytarget=$(echo I am user $myname | md5sum | cut -d ' ' -f 1)

echo "Copying passwordfile /etc/bandit_pass/$myname to /tmp/$mytarget"

cat /etc/bandit_pass/$myname > /tmp/$mytarget
bandit22@bandit:/usr/bin$ ./cronjob_bandit23.sh 
Copying passwordfile /etc/bandit_pass/bandit22 to /tmp/8169b67bd894ddbb4412f91573b38db3
bandit22@bandit:/usr/bin$ echo I am user $myname
I am user
bandit22@bandit:/usr/bin$ echo I am user $(whoami)
I am user bandit22
bandit22@bandit:/usr/bin$ echo I am user $(whoami) | cut -d ' ' -f 1
I
bandit22@bandit:/usr/bin$ echo I am user $(whoami) | md5sum | cut -d ' ' -f 1
8169b67bd894ddbb4412f91573b38db3
bandit22@bandit:/usr/bin$ echo I am user bandit23 | md5sum | cut -d ' ' -f 1
8ca319486bfbbc3663ea0fbe81326349
bandit22@bandit:/usr/bin$ cd /tmp/8ca319486bfbbc3663ea0fbe81326349
-bash: cd: /tmp/8ca319486bfbbc3663ea0fbe81326349: Not a directory
bandit22@bandit:/usr/bin$ cd /tmp/
bandit22@bandit:/tmp$ ls
ls: cannot open directory '.': Permission denied
bandit22@bandit:/tmp$ cat 8ca319486bfbbc3663ea0fbe81326349
jc1udXuA1tiHqjIsL8yaapX5XIAI6i0n
